Archive member included to satisfy reference by file (symbol)

/usr/lib/x86_64-linux-gnu/libc_nonshared.a(elf-init.oS)
                              /usr/lib/gcc/x86_64-linux-gnu/5/../../../x86_64-linux-gnu/crt1.o (__libc_csu_init)

Memory Configuration

Name             Origin             Length             Attributes
MAIN_FLASH       0x0000000000000000 0x0000000000040000 xr
INFO_FLASH       0x0000000000200000 0x0000000000004000 xr
SRAM_CODE        0x0000000001000000 0x0000000000010000 xrw
SRAM_DATA        0x0000000020000000 0x0000000000010000 rw
*default*        0x0000000000000000 0xffffffffffffffff

Linker script and memory map

LOAD /usr/lib/gcc/x86_64-linux-gnu/5/../../../x86_64-linux-gnu/crt1.o
LOAD /usr/lib/gcc/x86_64-linux-gnu/5/../../../x86_64-linux-gnu/crti.o
LOAD /usr/lib/gcc/x86_64-linux-gnu/5/crtbegin.o
LOAD /tmp/ccPIXTYB.o
LOAD /tmp/cc9RqXXC.o
LOAD /usr/lib/gcc/x86_64-linux-gnu/5/libgcc.a
LOAD /usr/lib/gcc/x86_64-linux-gnu/5/libgcc_s.so
LOAD /usr/lib/gcc/x86_64-linux-gnu/5/../../../x86_64-linux-gnu/libc.so
START GROUP
LOAD /lib/x86_64-linux-gnu/libc.so.6
LOAD /usr/lib/x86_64-linux-gnu/libc_nonshared.a
LOAD /lib/x86_64-linux-gnu/ld-linux-x86-64.so.2
END GROUP
LOAD /usr/lib/gcc/x86_64-linux-gnu/5/libgcc.a
LOAD /usr/lib/gcc/x86_64-linux-gnu/5/libgcc_s.so
LOAD /usr/lib/gcc/x86_64-linux-gnu/5/crtend.o
LOAD /usr/lib/gcc/x86_64-linux-gnu/5/../../../x86_64-linux-gnu/crtn.o
                0x0000000000000000                PROVIDE (_intvecs_base_address, DEFINED (_intvecs_base_address)?_intvecs_base_address:0x0)

.intvecs
 *(.intvecs)
                0x0000000000200000                PROVIDE (_mailbox_base_address, 0x200000)

.flashMailbox
 *(.flashMailbox)
                0x0000000000201000                PROVIDE (_tlv_base_address, 0x201000)

.tlvTable

 *(.tlvTable)
                0x0000000000202000                PROVIDE (_bsl_base_address, 0x202000)

.bslArea
 *(.bslArea)
                0x0000000020000000                PROVIDE (_vtable_base_address, DEFINED (_vtable_base_address)?_vtable_base_address:0x20000000)

.vtable
 *(.vtable)

.text           0x0000000000000000      0x29d
 CREATE_OBJECT_SYMBOLS
 *(.text)
 .text          0x0000000000000000       0x2a /usr/lib/gcc/x86_64-linux-gnu/5/../../../x86_64-linux-gnu/crt1.o
                0x0000000000000000                _start
 .text          0x000000000000002a        0x0 /usr/lib/gcc/x86_64-linux-gnu/5/../../../x86_64-linux-gnu/crti.o
 *fill*         0x000000000000002a        0x6 
 .text          0x0000000000000030       0xc6 /usr/lib/gcc/x86_64-linux-gnu/5/crtbegin.o
 .text          0x00000000000000f6       0x73 /tmp/ccPIXTYB.o
                0x00000000000000f6                main
 .text          0x0000000000000169       0x82 /tmp/cc9RqXXC.o
                0x0000000000000169                func
 *fill*         0x00000000000001eb        0x5 
 .text          0x00000000000001f0       0x72 /usr/lib/x86_64-linux-gnu/libc_nonshared.a(elf-init.oS)
                0x00000000000001f0                __libc_csu_init
                0x0000000000000260                __libc_csu_fini
 .text          0x0000000000000262        0x0 /usr/lib/gcc/x86_64-linux-gnu/5/crtend.o
 .text          0x0000000000000262        0x0 /usr/lib/gcc/x86_64-linux-gnu/5/../../../x86_64-linux-gnu/crtn.o
 *(.text.*)
 .text.unlikely
                0x0000000000000262        0x0 /usr/lib/gcc/x86_64-linux-gnu/5/crtbegin.o
 .text.unlikely
                0x0000000000000262        0x0 /usr/lib/x86_64-linux-gnu/libc_nonshared.a(elf-init.oS)
                0x0000000000000264                . = ALIGN (0x4)
 *fill*         0x0000000000000262        0x2 
 *(.ctors)
                0x0000000000000264                . = ALIGN (0x4)
 *(.dtors)
                0x0000000000000264                . = ALIGN (0x4)
                0x0000000000000264                __init_array_start = .
 *(.init_array*)
 *fill*         0x0000000000000264        0x4 
 .init_array    0x0000000000000268        0x8 /usr/lib/gcc/x86_64-linux-gnu/5/crtbegin.o
                0x0000000000000270                __init_array_end = .
 *(.init)
 .init          0x0000000000000270       0x15 /usr/lib/gcc/x86_64-linux-gnu/5/../../../x86_64-linux-gnu/crti.o
                0x0000000000000270                _init
 .init          0x0000000000000285        0x5 /usr/lib/gcc/x86_64-linux-gnu/5/../../../x86_64-linux-gnu/crtn.o
 *(.fini*)
 *fill*         0x000000000000028a        0x2 
 .fini          0x000000000000028c        0x4 /usr/lib/gcc/x86_64-linux-gnu/5/../../../x86_64-linux-gnu/crti.o
                0x000000000000028c                _fini
 .fini_array    0x0000000000000290        0x8 /usr/lib/gcc/x86_64-linux-gnu/5/crtbegin.o
 .fini          0x0000000000000298        0x5 /usr/lib/gcc/x86_64-linux-gnu/5/../../../x86_64-linux-gnu/crtn.o

.iplt           0x00000000000002a0        0x0
 .iplt          0x00000000000002a0        0x0 /usr/lib/gcc/x86_64-linux-gnu/5/../../../x86_64-linux-gnu/crt1.o

.plt.got        0x00000000000002a0        0x8
 .plt.got       0x00000000000002a0        0x8 /usr/lib/gcc/x86_64-linux-gnu/5/../../../x86_64-linux-gnu/crt1.o

.plt            0x00000000000002b0       0x30
 .plt           0x00000000000002b0       0x30 /usr/lib/gcc/x86_64-linux-gnu/5/../../../x86_64-linux-gnu/crt1.o
                0x00000000000002c0                __libc_start_main@@GLIBC_2.2.5
                0x00000000000002d0                malloc@@GLIBC_2.2.5

.rodata         0x00000000000002e0       0x18
 *(.rodata)
 .rodata        0x00000000000002e0        0x4 /tmp/ccPIXTYB.o
                0x00000000000002e0                g2
 .rodata        0x00000000000002e4        0xe /tmp/cc9RqXXC.o
 *(.rodata.*)
 *fill*         0x00000000000002f2        0x2 
 .rodata.cst4   0x00000000000002f4        0x4 /usr/lib/gcc/x86_64-linux-gnu/5/../../../x86_64-linux-gnu/crt1.o
                0x00000000000002f4                _IO_stdin_used

.eh_frame       0x00000000000002f8       0xf4
 .eh_frame      0x00000000000002f8       0x30 /usr/lib/gcc/x86_64-linux-gnu/5/../../../x86_64-linux-gnu/crt1.o
 .eh_frame      0x0000000000000328       0x40 /tmp/ccPIXTYB.o
 .eh_frame      0x0000000000000368       0x20 /tmp/cc9RqXXC.o
                                         0x38 (size before relaxing)
 .eh_frame      0x0000000000000388       0x60 /usr/lib/x86_64-linux-gnu/libc_nonshared.a(elf-init.oS)
                                         0x78 (size before relaxing)
 .eh_frame      0x00000000000003e8        0x4 /usr/lib/gcc/x86_64-linux-gnu/5/crtend.o

.interp         0x00000000000003ec       0x1c
 .interp        0x00000000000003ec       0x1c /usr/lib/gcc/x86_64-linux-gnu/5/../../../x86_64-linux-gnu/crt1.o

.gnu.version_d  0x0000000000000408        0x0
 .gnu.version_d
                0x0000000000000408        0x0 /usr/lib/gcc/x86_64-linux-gnu/5/../../../x86_64-linux-gnu/crt1.o

.gnu.version    0x0000000000000408        0x8
 .gnu.version   0x0000000000000408        0x8 /usr/lib/gcc/x86_64-linux-gnu/5/../../../x86_64-linux-gnu/crt1.o

.gnu.version_r  0x0000000000000410       0x20
 .gnu.version_r
                0x0000000000000410       0x20 /usr/lib/gcc/x86_64-linux-gnu/5/../../../x86_64-linux-gnu/crt1.o

.dynsym         0x0000000000000430       0x60
 .dynsym        0x0000000000000430       0x60 /usr/lib/gcc/x86_64-linux-gnu/5/../../../x86_64-linux-gnu/crt1.o

.dynstr         0x0000000000000490       0x3f
 .dynstr        0x0000000000000490       0x3f /usr/lib/gcc/x86_64-linux-gnu/5/../../../x86_64-linux-gnu/crt1.o

.gnu.hash       0x00000000000004d0       0x1c
 .gnu.hash      0x00000000000004d0       0x1c /usr/lib/gcc/x86_64-linux-gnu/5/../../../x86_64-linux-gnu/crt1.o

.eh_frame       0x00000000000004f0       0x40
 .eh_frame      0x00000000000004f0       0x40 /usr/lib/gcc/x86_64-linux-gnu/5/../../../x86_64-linux-gnu/crt1.o

.eh_frame_hdr   0x0000000000000530       0x34
 .eh_frame_hdr  0x0000000000000530       0x34 /usr/lib/gcc/x86_64-linux-gnu/5/../../../x86_64-linux-gnu/crt1.o
                0x0000000000000530                __GNU_EH_FRAME_HDR

.note.ABI-tag   0x0000000000000564       0x20
 .note.ABI-tag  0x0000000000000564       0x20 /usr/lib/gcc/x86_64-linux-gnu/5/../../../x86_64-linux-gnu/crt1.o

.note.gnu.build-id
                0x0000000000000584       0x24
 .note.gnu.build-id
                0x0000000000000584       0x24 /usr/lib/gcc/x86_64-linux-gnu/5/../../../x86_64-linux-gnu/crt1.o

.rela.dyn       0x00000000000005a8       0x48
 .rela.iplt     0x00000000000005a8        0x0 /usr/lib/gcc/x86_64-linux-gnu/5/../../../x86_64-linux-gnu/crt1.o
 .rela.text     0x00000000000005a8        0x0 /usr/lib/gcc/x86_64-linux-gnu/5/../../../x86_64-linux-gnu/crt1.o
 .rela.got      0x00000000000005a8       0x18 /usr/lib/gcc/x86_64-linux-gnu/5/../../../x86_64-linux-gnu/crt1.o
 .rela.plt      0x00000000000005c0       0x30 /usr/lib/gcc/x86_64-linux-gnu/5/../../../x86_64-linux-gnu/crt1.o
 .rela.bss      0x00000000000005f0        0x0 /usr/lib/gcc/x86_64-linux-gnu/5/../../../x86_64-linux-gnu/crt1.o

.ARM.exidx      0x00000000000005f0        0x0
                0x00000000000005f0                __exidx_start = .
 *(.ARM.exidx* .gnu.linkonce.armexidx.*)
                0x00000000000005f0                __exidx_end = .

.ARM.extab
 *(.ARM.extab* .gnu.linkonce.armextab.*)
                0x00000000000005f0                __etext = .

.data           0x0000000020000000       0x48 load address 0x00000000000005f0
                0x00000000000005f0                __data_load__ = LOADADDR (.data)
                0x0000000020000000                __data_start__ = .
 *(.data)
 .data          0x0000000020000000        0x4 /usr/lib/gcc/x86_64-linux-gnu/5/../../../x86_64-linux-gnu/crt1.o
                0x0000000020000000                data_start
                0x0000000020000000                __data_start
 .data          0x0000000020000004        0x0 /usr/lib/gcc/x86_64-linux-gnu/5/../../../x86_64-linux-gnu/crti.o
 *fill*         0x0000000020000004        0x4 
 .data          0x0000000020000008        0x8 /usr/lib/gcc/x86_64-linux-gnu/5/crtbegin.o
                0x0000000020000008                __dso_handle
 .data          0x0000000020000010        0x1 /tmp/ccPIXTYB.o
                0x0000000020000010                g3
 *fill*         0x0000000020000011        0xf 
 .data          0x0000000020000020       0x28 /tmp/cc9RqXXC.o
                0x0000000020000020                g5
 .data          0x0000000020000048        0x0 /usr/lib/x86_64-linux-gnu/libc_nonshared.a(elf-init.oS)
 .data          0x0000000020000048        0x0 /usr/lib/gcc/x86_64-linux-gnu/5/crtend.o
 .data          0x0000000020000048        0x0 /usr/lib/gcc/x86_64-linux-gnu/5/../../../x86_64-linux-gnu/crtn.o
 *(.data*)
                0x0000000020000048                . = ALIGN (0x4)
                0x0000000020000048                __data_end__ = .

.igot.plt       0x0000000020000048        0x0 load address 0x0000000000000638
 .igot.plt      0x0000000020000048        0x0 /usr/lib/gcc/x86_64-linux-gnu/5/../../../x86_64-linux-gnu/crt1.o

.got            0x0000000020000048        0x8 load address 0x0000000000000638
 .got           0x0000000020000048        0x8 /usr/lib/gcc/x86_64-linux-gnu/5/../../../x86_64-linux-gnu/crt1.o

.got.plt        0x0000000020000050       0x28 load address 0x0000000000000640
 .got.plt       0x0000000020000050       0x28 /usr/lib/gcc/x86_64-linux-gnu/5/../../../x86_64-linux-gnu/crt1.o
                0x0000000020000050                _GLOBAL_OFFSET_TABLE_

.dynamic        0x0000000020000078      0x190 load address 0x0000000000000668
 .dynamic       0x0000000020000078      0x190 /usr/lib/gcc/x86_64-linux-gnu/5/../../../x86_64-linux-gnu/crt1.o
                0x0000000020000078                _DYNAMIC

.jcr            0x0000000020000208        0x8 load address 0x00000000000007f8
 .jcr           0x0000000020000208        0x0 /usr/lib/gcc/x86_64-linux-gnu/5/crtbegin.o
 .jcr           0x0000000020000208        0x8 /usr/lib/gcc/x86_64-linux-gnu/5/crtend.o

.tm_clone_table
                0x0000000020000210        0x0 load address 0x0000000000000800
 .tm_clone_table
                0x0000000020000210        0x0 /usr/lib/gcc/x86_64-linux-gnu/5/crtbegin.o
 .tm_clone_table
                0x0000000020000210        0x0 /usr/lib/gcc/x86_64-linux-gnu/5/crtend.o

.bss            0x0000000020000210       0x10
                0x0000000020000210                __bss_start__ = .
 *(.shbss)
 *(.bss)
 .bss           0x0000000020000210        0x0 /usr/lib/gcc/x86_64-linux-gnu/5/../../../x86_64-linux-gnu/crt1.o
 .bss           0x0000000020000210        0x0 /usr/lib/gcc/x86_64-linux-gnu/5/../../../x86_64-linux-gnu/crti.o
 .bss           0x0000000020000210        0x1 /usr/lib/gcc/x86_64-linux-gnu/5/crtbegin.o
 *fill*         0x0000000020000211        0x3 
 .bss           0x0000000020000214        0x8 /tmp/ccPIXTYB.o
                0x0000000020000214                g4
 .bss           0x000000002000021c        0x4 /tmp/cc9RqXXC.o
 .bss           0x0000000020000220        0x0 /usr/lib/x86_64-linux-gnu/libc_nonshared.a(elf-init.oS)
 .bss           0x0000000020000220        0x0 /usr/lib/gcc/x86_64-linux-gnu/5/crtend.o
 .bss           0x0000000020000220        0x0 /usr/lib/gcc/x86_64-linux-gnu/5/../../../x86_64-linux-gnu/crtn.o
 *(.bss.*)
 *(COMMON)
                0x0000000020000220                . = ALIGN (0x4)
                0x0000000020000220                __bss_end__ = .

.dynbss         0x0000000020000220        0x0
 .dynbss        0x0000000020000220        0x0 /usr/lib/gcc/x86_64-linux-gnu/5/../../../x86_64-linux-gnu/crt1.o

.heap           0x0000000020000220        0x0
                0x0000000020000220                __heap_start__ = .
                0x0000000020000220                end = __heap_start__
                0x0000000020000220                _end = end
                0x0000000020000220                __end = end
 *(.heap)
                0x0000000020000220                __heap_end__ = .
                0x0000000020000220                __HeapLimit = __heap_end__

.stack          0x0000000020000220        0x0
                0x0000000020000220                _stack = .
                0x0000000020000220                __stack = .
 *(.stack)
OUTPUT(main.out elf64-x86-64)

.note.GNU-stack
                0x0000000000000000        0x0
 .note.GNU-stack
                0x0000000000000000        0x0 /usr/lib/gcc/x86_64-linux-gnu/5/../../../x86_64-linux-gnu/crt1.o
 .note.GNU-stack
                0x0000000000000000        0x0 /usr/lib/gcc/x86_64-linux-gnu/5/../../../x86_64-linux-gnu/crti.o
 .note.GNU-stack
                0x0000000000000000        0x0 /usr/lib/gcc/x86_64-linux-gnu/5/crtbegin.o
 .note.GNU-stack
                0x0000000000000000        0x0 /tmp/ccPIXTYB.o
 .note.GNU-stack
                0x0000000000000000        0x0 /tmp/cc9RqXXC.o
 .note.GNU-stack
                0x0000000000000000        0x0 /usr/lib/x86_64-linux-gnu/libc_nonshared.a(elf-init.oS)
 .note.GNU-stack
                0x0000000000000000        0x0 /usr/lib/gcc/x86_64-linux-gnu/5/crtend.o
 .note.GNU-stack
                0x0000000000000000        0x0 /usr/lib/gcc/x86_64-linux-gnu/5/../../../x86_64-linux-gnu/crtn.o

.comment        0x0000000000000000       0x35
 .comment       0x0000000000000000       0x35 /usr/lib/gcc/x86_64-linux-gnu/5/crtbegin.o
                                         0x36 (size before relaxing)
 .comment       0x0000000000000035       0x36 /tmp/ccPIXTYB.o
 .comment       0x0000000000000035       0x36 /tmp/cc9RqXXC.o
 .comment       0x0000000000000035       0x36 /usr/lib/gcc/x86_64-linux-gnu/5/crtend.o
