Archive member included to satisfy reference by file (symbol)

//usr/lib/x86_64-linux-gnu/libc_nonshared.a(elf-init.oS)
                              /usr/lib/gcc/x86_64-linux-gnu/8/../../../x86_64-linux-gnu/Scrt1.o (__libc_csu_init)

Allocating common symbols
Common symbol       size              file

buffer              0xa               ./src/main.o

Discarded input sections

 .note.GNU-stack
                0x0000000000000000        0x0 /usr/lib/gcc/x86_64-linux-gnu/8/../../../x86_64-linux-gnu/Scrt1.o
 .note.GNU-stack
                0x0000000000000000        0x0 /usr/lib/gcc/x86_64-linux-gnu/8/../../../x86_64-linux-gnu/crti.o
 .note.GNU-stack
                0x0000000000000000        0x0 /usr/lib/gcc/x86_64-linux-gnu/8/crtbeginS.o
 .note.GNU-stack
                0x0000000000000000        0x0 ./src/main.o
 .note.GNU-stack
                0x0000000000000000        0x0 ./src/memory.o
 .note.GNU-stack
                0x0000000000000000        0x0 ./src/data.o
 .note.GNU-stack
                0x0000000000000000        0x0 ./src/course1.o
 .note.GNU-stack
                0x0000000000000000        0x0 ./src/stats.o
 .note.GNU-stack
                0x0000000000000000        0x0 //usr/lib/x86_64-linux-gnu/libc_nonshared.a(elf-init.oS)
 .note.GNU-stack
                0x0000000000000000        0x0 /usr/lib/gcc/x86_64-linux-gnu/8/crtendS.o
 .note.GNU-stack
                0x0000000000000000        0x0 /usr/lib/gcc/x86_64-linux-gnu/8/../../../x86_64-linux-gnu/crtn.o

Memory Configuration

Name             Origin             Length             Attributes
*default*        0x0000000000000000 0xffffffffffffffff

Linker script and memory map

LOAD /usr/lib/gcc/x86_64-linux-gnu/8/../../../x86_64-linux-gnu/Scrt1.o
LOAD /usr/lib/gcc/x86_64-linux-gnu/8/../../../x86_64-linux-gnu/crti.o
LOAD /usr/lib/gcc/x86_64-linux-gnu/8/crtbeginS.o
LOAD ./src/main.o
LOAD ./src/memory.o
LOAD ./src/data.o
LOAD ./src/course1.o
LOAD ./src/stats.o
LOAD /usr/lib/gcc/x86_64-linux-gnu/8/libgcc.a
LOAD /usr/lib/gcc/x86_64-linux-gnu/8/libgcc_s.so
START GROUP
LOAD /usr/lib/gcc/x86_64-linux-gnu/8/libgcc_s.so.1
LOAD /usr/lib/gcc/x86_64-linux-gnu/8/libgcc.a
END GROUP
LOAD /usr/lib/gcc/x86_64-linux-gnu/8/../../../x86_64-linux-gnu/libc.so
START GROUP
LOAD //lib/x86_64-linux-gnu/libc.so.6
LOAD //usr/lib/x86_64-linux-gnu/libc_nonshared.a
LOAD //lib/x86_64-linux-gnu/ld-linux-x86-64.so.2
END GROUP
LOAD /usr/lib/gcc/x86_64-linux-gnu/8/libgcc.a
LOAD /usr/lib/gcc/x86_64-linux-gnu/8/libgcc_s.so
START GROUP
LOAD /usr/lib/gcc/x86_64-linux-gnu/8/libgcc_s.so.1
LOAD /usr/lib/gcc/x86_64-linux-gnu/8/libgcc.a
END GROUP
LOAD /usr/lib/gcc/x86_64-linux-gnu/8/crtendS.o
LOAD /usr/lib/gcc/x86_64-linux-gnu/8/../../../x86_64-linux-gnu/crtn.o
                [!provide]                        PROVIDE (__executable_start = SEGMENT_START ("text-segment", 0x0))
                0x00000000000002a8                . = (SEGMENT_START ("text-segment", 0x0) + SIZEOF_HEADERS)

.interp         0x00000000000002a8       0x1c
 *(.interp)
 .interp        0x00000000000002a8       0x1c /usr/lib/gcc/x86_64-linux-gnu/8/../../../x86_64-linux-gnu/Scrt1.o

.note.ABI-tag   0x00000000000002c4       0x20
 .note.ABI-tag  0x00000000000002c4       0x20 /usr/lib/gcc/x86_64-linux-gnu/8/../../../x86_64-linux-gnu/Scrt1.o

.note.gnu.build-id
                0x00000000000002e4       0x24
 *(.note.gnu.build-id)
 .note.gnu.build-id
                0x00000000000002e4       0x24 /usr/lib/gcc/x86_64-linux-gnu/8/../../../x86_64-linux-gnu/Scrt1.o

.hash
 *(.hash)

.gnu.hash       0x0000000000000308       0x24
 *(.gnu.hash)
 .gnu.hash      0x0000000000000308       0x24 /usr/lib/gcc/x86_64-linux-gnu/8/../../../x86_64-linux-gnu/Scrt1.o

.dynsym         0x0000000000000330      0x108
 *(.dynsym)
 .dynsym        0x0000000000000330      0x108 /usr/lib/gcc/x86_64-linux-gnu/8/../../../x86_64-linux-gnu/Scrt1.o

.dynstr         0x0000000000000438       0x9d
 *(.dynstr)
 .dynstr        0x0000000000000438       0x9d /usr/lib/gcc/x86_64-linux-gnu/8/../../../x86_64-linux-gnu/Scrt1.o

.gnu.version    0x00000000000004d6       0x16
 *(.gnu.version)
 .gnu.version   0x00000000000004d6       0x16 /usr/lib/gcc/x86_64-linux-gnu/8/../../../x86_64-linux-gnu/Scrt1.o

.gnu.version_d  0x00000000000004f0        0x0
 *(.gnu.version_d)
 .gnu.version_d
                0x00000000000004f0        0x0 /usr/lib/gcc/x86_64-linux-gnu/8/../../../x86_64-linux-gnu/Scrt1.o

.gnu.version_r  0x00000000000004f0       0x20
 *(.gnu.version_r)
 .gnu.version_r
                0x00000000000004f0       0x20 /usr/lib/gcc/x86_64-linux-gnu/8/../../../x86_64-linux-gnu/Scrt1.o

.rela.dyn       0x0000000000000510       0xc0
 *(.rela.init)
 *(.rela.text .rela.text.* .rela.gnu.linkonce.t.*)
 .rela.text     0x0000000000000510        0x0 /usr/lib/gcc/x86_64-linux-gnu/8/../../../x86_64-linux-gnu/Scrt1.o
 *(.rela.fini)
 *(.rela.rodata .rela.rodata.* .rela.gnu.linkonce.r.*)
 *(.rela.data .rela.data.* .rela.gnu.linkonce.d.*)
 .rela.data.rel.ro
                0x0000000000000510        0x0 /usr/lib/gcc/x86_64-linux-gnu/8/../../../x86_64-linux-gnu/Scrt1.o
 .rela.data.rel.local
                0x0000000000000510       0x18 /usr/lib/gcc/x86_64-linux-gnu/8/../../../x86_64-linux-gnu/Scrt1.o
 *(.rela.tdata .rela.tdata.* .rela.gnu.linkonce.td.*)
 *(.rela.tbss .rela.tbss.* .rela.gnu.linkonce.tb.*)
 *(.rela.ctors)
 *(.rela.dtors)
 *(.rela.got)
 .rela.got      0x0000000000000528       0x78 /usr/lib/gcc/x86_64-linux-gnu/8/../../../x86_64-linux-gnu/Scrt1.o
 *(.rela.bss .rela.bss.* .rela.gnu.linkonce.b.*)
 .rela.bss      0x00000000000005a0        0x0 /usr/lib/gcc/x86_64-linux-gnu/8/../../../x86_64-linux-gnu/Scrt1.o
 *(.rela.ldata .rela.ldata.* .rela.gnu.linkonce.l.*)
 *(.rela.lbss .rela.lbss.* .rela.gnu.linkonce.lb.*)
 *(.rela.lrodata .rela.lrodata.* .rela.gnu.linkonce.lr.*)
 *(.rela.ifunc)
 .rela.ifunc    0x00000000000005a0        0x0 /usr/lib/gcc/x86_64-linux-gnu/8/../../../x86_64-linux-gnu/Scrt1.o
 .rela.fini_array
                0x00000000000005a0       0x18 /usr/lib/gcc/x86_64-linux-gnu/8/../../../x86_64-linux-gnu/Scrt1.o
 .rela.init_array
                0x00000000000005b8       0x18 /usr/lib/gcc/x86_64-linux-gnu/8/../../../x86_64-linux-gnu/Scrt1.o

.rela.plt       0x00000000000005d0       0x78
 *(.rela.plt)
 .rela.plt      0x00000000000005d0       0x78 /usr/lib/gcc/x86_64-linux-gnu/8/../../../x86_64-linux-gnu/Scrt1.o
                [!provide]                        PROVIDE (__rela_iplt_start = .)
 *(.rela.iplt)
                [!provide]                        PROVIDE (__rela_iplt_end = .)
                0x0000000000001000                . = ALIGN (CONSTANT (MAXPAGESIZE))

.init           0x0000000000001000       0x17
 *(SORT_NONE(.init))
 .init          0x0000000000001000       0x12 /usr/lib/gcc/x86_64-linux-gnu/8/../../../x86_64-linux-gnu/crti.o
                0x0000000000001000                _init
 .init          0x0000000000001012        0x5 /usr/lib/gcc/x86_64-linux-gnu/8/../../../x86_64-linux-gnu/crtn.o

.plt            0x0000000000001020       0x60
 *(.plt)
 .plt           0x0000000000001020       0x60 /usr/lib/gcc/x86_64-linux-gnu/8/../../../x86_64-linux-gnu/Scrt1.o
                0x0000000000001030                free@@GLIBC_2.2.5
                0x0000000000001040                putchar@@GLIBC_2.2.5
                0x0000000000001050                puts@@GLIBC_2.2.5
                0x0000000000001060                printf@@GLIBC_2.2.5
                0x0000000000001070                malloc@@GLIBC_2.2.5
 *(.iplt)

.plt.got        0x0000000000001080        0x8
 *(.plt.got)
 .plt.got       0x0000000000001080        0x8 /usr/lib/gcc/x86_64-linux-gnu/8/../../../x86_64-linux-gnu/Scrt1.o
                0x0000000000001080                __cxa_finalize@@GLIBC_2.2.5

.plt.sec
 *(.plt.sec)

.text           0x0000000000001090     0x13d1
 *(.text.unlikely .text.*_unlikely .text.unlikely.*)
 *(.text.exit .text.exit.*)
 *(.text.startup .text.startup.*)
 *(.text.hot .text.hot.*)
 *(.text .stub .text.* .gnu.linkonce.t.*)
 .text          0x0000000000001090       0x2b /usr/lib/gcc/x86_64-linux-gnu/8/../../../x86_64-linux-gnu/Scrt1.o
                0x0000000000001090                _start
 .text          0x00000000000010bb        0x0 /usr/lib/gcc/x86_64-linux-gnu/8/../../../x86_64-linux-gnu/crti.o
 *fill*         0x00000000000010bb        0x5 
 .text          0x00000000000010c0       0xb5 /usr/lib/gcc/x86_64-linux-gnu/8/crtbeginS.o
 .text          0x0000000000001175      0x15e ./src/main.o
                0x0000000000001175                main
 .text          0x00000000000012d3      0x2fb ./src/memory.o
                0x00000000000012d3                set_value
                0x00000000000012f6                clear_value
                0x000000000000131e                get_value
                0x0000000000001338                set_all
                0x0000000000001379                clear_all
                0x000000000000139f                my_memmove
                0x0000000000001441                my_memcopy
                0x000000000000148b                my_memset
                0x00000000000014cc                my_memzero
                0x0000000000001505                my_reverse
                0x0000000000001580                reserve_words
                0x00000000000015b3                free_words
 .text          0x00000000000015ce      0x1f7 ./src/data.o
                0x00000000000015ce                my_itoa
                0x0000000000001701                my_atoi
                0x000000000000179e                val
 .text          0x00000000000017c5      0x86b ./src/course1.o
                0x00000000000017c5                test_data1
                0x0000000000001856                test_data2
                0x00000000000018e7                test_memmove1
                0x00000000000019d6                test_memmove2
                0x0000000000001ac5                test_memmove3
                0x0000000000001bb9                test_memcopy
                0x0000000000001ca8                test_memset
                0x0000000000001dce                test_reverse
                0x0000000000001f28                course1
 .text          0x0000000000002030      0x3ca ./src/stats.o
                0x0000000000002030                mainn
                0x000000000000210e                print_statistics
                0x00000000000021cc                print_array
                0x00000000000021da                find_median
                0x000000000000227e                find_mean
                0x00000000000022c5                find_maximum
                0x0000000000002317                find_minimum
                0x0000000000002369                sort_array
 *fill*         0x00000000000023fa        0x6 
 .text          0x0000000000002400       0x61 //usr/lib/x86_64-linux-gnu/libc_nonshared.a(elf-init.oS)
                0x0000000000002400                __libc_csu_init
                0x0000000000002460                __libc_csu_fini
 .text          0x0000000000002461        0x0 /usr/lib/gcc/x86_64-linux-gnu/8/crtendS.o
 .text          0x0000000000002461        0x0 /usr/lib/gcc/x86_64-linux-gnu/8/../../../x86_64-linux-gnu/crtn.o
 *(.gnu.warning)

.fini           0x0000000000002464        0x9
 *(SORT_NONE(.fini))
 .fini          0x0000000000002464        0x4 /usr/lib/gcc/x86_64-linux-gnu/8/../../../x86_64-linux-gnu/crti.o
                0x0000000000002464                _fini
 .fini          0x0000000000002468        0x5 /usr/lib/gcc/x86_64-linux-gnu/8/../../../x86_64-linux-gnu/crtn.o
                [!provide]                        PROVIDE (__etext = .)
                [!provide]                        PROVIDE (_etext = .)
                [!provide]                        PROVIDE (etext = .)
                0x0000000000003000                . = ALIGN (CONSTANT (MAXPAGESIZE))
                0x0000000000003000                . = SEGMENT_START ("rodata-segment", (ALIGN (CONSTANT (MAXPAGESIZE)) + (. & (CONSTANT (MAXPAGESIZE) - 0x1))))

.rodata         0x0000000000003000      0x1c8
 *(.rodata .rodata.* .gnu.linkonce.r.*)
 .rodata.cst4   0x0000000000003000        0x4 /usr/lib/gcc/x86_64-linux-gnu/8/../../../x86_64-linux-gnu/Scrt1.o
                0x0000000000003000                _IO_stdin_used
 *fill*         0x0000000000003004        0x4 
 .rodata        0x0000000000003008      0x135 ./src/course1.o
 *fill*         0x000000000000313d        0x3 
 .rodata        0x0000000000003140       0x88 ./src/stats.o

.rodata1
 *(.rodata1)

.eh_frame_hdr   0x00000000000031c8      0x13c
 *(.eh_frame_hdr)
 .eh_frame_hdr  0x00000000000031c8      0x13c /usr/lib/gcc/x86_64-linux-gnu/8/../../../x86_64-linux-gnu/Scrt1.o
                0x00000000000031c8                __GNU_EH_FRAME_HDR
 *(.eh_frame_entry .eh_frame_entry.*)

.eh_frame       0x0000000000003308      0x510
 *(.eh_frame)
 .eh_frame      0x0000000000003308       0x30 /usr/lib/gcc/x86_64-linux-gnu/8/../../../x86_64-linux-gnu/Scrt1.o
                                         0x2c (size before relaxing)
 *fill*         0x0000000000003338        0x0 
 .eh_frame      0x0000000000003338       0x40 /usr/lib/gcc/x86_64-linux-gnu/8/../../../x86_64-linux-gnu/Scrt1.o
 .eh_frame      0x0000000000003378       0x18 /usr/lib/gcc/x86_64-linux-gnu/8/../../../x86_64-linux-gnu/Scrt1.o
                                         0x30 (size before relaxing)
 .eh_frame      0x0000000000003390       0x20 ./src/main.o
                                         0x38 (size before relaxing)
 .eh_frame      0x00000000000033b0      0x180 ./src/memory.o
                                        0x198 (size before relaxing)
 .eh_frame      0x0000000000003530       0x68 ./src/data.o
                                         0x80 (size before relaxing)
 .eh_frame      0x0000000000003598      0x120 ./src/course1.o
                                        0x138 (size before relaxing)
 .eh_frame      0x00000000000036b8      0x100 ./src/stats.o
                                        0x118 (size before relaxing)
 .eh_frame      0x00000000000037b8       0x5c //usr/lib/x86_64-linux-gnu/libc_nonshared.a(elf-init.oS)
                                         0x78 (size before relaxing)
 .eh_frame      0x0000000000003814        0x4 /usr/lib/gcc/x86_64-linux-gnu/8/crtendS.o
 *(.eh_frame.*)

.gcc_except_table
 *(.gcc_except_table .gcc_except_table.*)

.gnu_extab
 *(.gnu_extab*)

.exception_ranges
 *(.exception_ranges .exception_ranges*)
                0x0000000000004de8                . = DATA_SEGMENT_ALIGN (CONSTANT (MAXPAGESIZE), CONSTANT (COMMONPAGESIZE))

.eh_frame
 *(.eh_frame)
 *(.eh_frame.*)

.gnu_extab
 *(.gnu_extab)

.gcc_except_table
 *(.gcc_except_table .gcc_except_table.*)

.exception_ranges
 *(.exception_ranges .exception_ranges*)

.tdata          0x0000000000004de8        0x0
                [!provide]                        PROVIDE (__tdata_start = .)
 *(.tdata .tdata.* .gnu.linkonce.td.*)

.tbss
 *(.tbss .tbss.* .gnu.linkonce.tb.*)
 *(.tcommon)

.preinit_array  0x0000000000004de8        0x0
                [!provide]                        PROVIDE (__preinit_array_start = .)
 *(.preinit_array)
                [!provide]                        PROVIDE (__preinit_array_end = .)

.init_array     0x0000000000004de8        0x8
                0x0000000000004de8                PROVIDE (__init_array_start = .)
 *(SORT_BY_INIT_PRIORITY(.init_array.*) SORT_BY_INIT_PRIORITY(.ctors.*))
 *(.init_array EXCLUDE_FILE(*crtend?.o *crtend.o *crtbegin?.o *crtbegin.o) .ctors)
 .init_array    0x0000000000004de8        0x8 /usr/lib/gcc/x86_64-linux-gnu/8/crtbeginS.o
                0x0000000000004df0                PROVIDE (__init_array_end = .)

.fini_array     0x0000000000004df0        0x8
                [!provide]                        PROVIDE (__fini_array_start = .)
 *(SORT_BY_INIT_PRIORITY(.fini_array.*) SORT_BY_INIT_PRIORITY(.dtors.*))
 *(.fini_array EXCLUDE_FILE(*crtend?.o *crtend.o *crtbegin?.o *crtbegin.o) .dtors)
 .fini_array    0x0000000000004df0        0x8 /usr/lib/gcc/x86_64-linux-gnu/8/crtbeginS.o
                [!provide]                        PROVIDE (__fini_array_end = .)

.ctors
 *crtbegin.o(.ctors)
 *crtbegin?.o(.ctors)
 *(EXCLUDE_FILE(*crtend?.o *crtend.o) .ctors)
 *(SORT_BY_NAME(.ctors.*))
 *(.ctors)

.dtors
 *crtbegin.o(.dtors)
 *crtbegin?.o(.dtors)
 *(EXCLUDE_FILE(*crtend?.o *crtend.o) .dtors)
 *(SORT_BY_NAME(.dtors.*))
 *(.dtors)

.jcr
 *(.jcr)

.data.rel.ro    0x0000000000004df8        0x0
 *(.data.rel.ro.local* .gnu.linkonce.d.rel.ro.local.*)
 *(.data.rel.ro .data.rel.ro.* .gnu.linkonce.d.rel.ro.*)
 .data.rel.ro   0x0000000000004df8        0x0 /usr/lib/gcc/x86_64-linux-gnu/8/../../../x86_64-linux-gnu/Scrt1.o

.dynamic        0x0000000000004df8      0x1e0
 *(.dynamic)
 .dynamic       0x0000000000004df8      0x1e0 /usr/lib/gcc/x86_64-linux-gnu/8/../../../x86_64-linux-gnu/Scrt1.o
                0x0000000000004df8                _DYNAMIC

.got            0x0000000000004fd8       0x28
 *(.got)
 .got           0x0000000000004fd8       0x28 /usr/lib/gcc/x86_64-linux-gnu/8/../../../x86_64-linux-gnu/Scrt1.o
 *(.igot)
                0x0000000000005fe8                . = DATA_SEGMENT_RELRO_END (., (SIZEOF (.got.plt) >= 0x18)?0x18:0x0)

.got.plt        0x0000000000005000       0x40
 *(.got.plt)
 .got.plt       0x0000000000005000       0x40 /usr/lib/gcc/x86_64-linux-gnu/8/../../../x86_64-linux-gnu/Scrt1.o
                0x0000000000005000                _GLOBAL_OFFSET_TABLE_
 *(.igot.plt)

.data           0x0000000000005040       0x10
 *(.data .data.* .gnu.linkonce.d.*)
 .data          0x0000000000005040        0x4 /usr/lib/gcc/x86_64-linux-gnu/8/../../../x86_64-linux-gnu/Scrt1.o
                0x0000000000005040                data_start
                0x0000000000005040                __data_start
 .data          0x0000000000005044        0x0 /usr/lib/gcc/x86_64-linux-gnu/8/../../../x86_64-linux-gnu/crti.o
 .data          0x0000000000005044        0x0 /usr/lib/gcc/x86_64-linux-gnu/8/crtbeginS.o
 *fill*         0x0000000000005044        0x4 
 .data.rel.local
                0x0000000000005048        0x8 /usr/lib/gcc/x86_64-linux-gnu/8/crtbeginS.o
                0x0000000000005048                __dso_handle
 .data          0x0000000000005050        0x0 ./src/main.o
 .data          0x0000000000005050        0x0 ./src/memory.o
 .data          0x0000000000005050        0x0 ./src/data.o
 .data          0x0000000000005050        0x0 ./src/course1.o
 .data          0x0000000000005050        0x0 ./src/stats.o
 .data          0x0000000000005050        0x0 //usr/lib/x86_64-linux-gnu/libc_nonshared.a(elf-init.oS)
 .data          0x0000000000005050        0x0 /usr/lib/gcc/x86_64-linux-gnu/8/crtendS.o
 .data          0x0000000000005050        0x0 /usr/lib/gcc/x86_64-linux-gnu/8/../../../x86_64-linux-gnu/crtn.o

.tm_clone_table
                0x0000000000005050        0x0
 .tm_clone_table
                0x0000000000005050        0x0 /usr/lib/gcc/x86_64-linux-gnu/8/crtbeginS.o
 .tm_clone_table
                0x0000000000005050        0x0 /usr/lib/gcc/x86_64-linux-gnu/8/crtendS.o

.data1
 *(.data1)
                0x0000000000005050                _edata = .
                [!provide]                        PROVIDE (edata = .)
                0x0000000000005050                . = .
                0x0000000000005050                __bss_start = .

.bss            0x0000000000005050       0x18
 *(.dynbss)
 .dynbss        0x0000000000005050        0x0 /usr/lib/gcc/x86_64-linux-gnu/8/../../../x86_64-linux-gnu/Scrt1.o
 *(.bss .bss.* .gnu.linkonce.b.*)
 .bss           0x0000000000005050        0x0 /usr/lib/gcc/x86_64-linux-gnu/8/../../../x86_64-linux-gnu/Scrt1.o
 .bss           0x0000000000005050        0x0 /usr/lib/gcc/x86_64-linux-gnu/8/../../../x86_64-linux-gnu/crti.o
 .bss           0x0000000000005050        0x1 /usr/lib/gcc/x86_64-linux-gnu/8/crtbeginS.o
 .bss           0x0000000000005051        0x0 ./src/main.o
 .bss           0x0000000000005051        0x0 ./src/memory.o
 .bss           0x0000000000005051        0x0 ./src/data.o
 .bss           0x0000000000005051        0x0 ./src/course1.o
 .bss           0x0000000000005051        0x0 ./src/stats.o
 .bss           0x0000000000005051        0x0 //usr/lib/x86_64-linux-gnu/libc_nonshared.a(elf-init.oS)
 .bss           0x0000000000005051        0x0 /usr/lib/gcc/x86_64-linux-gnu/8/crtendS.o
 .bss           0x0000000000005051        0x0 /usr/lib/gcc/x86_64-linux-gnu/8/../../../x86_64-linux-gnu/crtn.o
 *(COMMON)
 *fill*         0x0000000000005051        0x7 
 COMMON         0x0000000000005058        0xa ./src/main.o
                0x0000000000005058                buffer
                0x0000000000005068                . = ALIGN ((. != 0x0)?0x8:0x1)
 *fill*         0x0000000000005062        0x6 

.lbss
 *(.dynlbss)
 *(.lbss .lbss.* .gnu.linkonce.lb.*)
 *(LARGE_COMMON)
                0x0000000000005068                . = ALIGN (0x8)
                0x0000000000005068                . = SEGMENT_START ("ldata-segment", .)

.lrodata
 *(.lrodata .lrodata.* .gnu.linkonce.lr.*)

.ldata          0x0000000000007068        0x0
 *(.ldata .ldata.* .gnu.linkonce.l.*)
                0x0000000000007068                . = ALIGN ((. != 0x0)?0x8:0x1)
                0x0000000000007068                . = ALIGN (0x8)
                0x0000000000007068                _end = .
                [!provide]                        PROVIDE (end = .)
                0x0000000000007068                . = DATA_SEGMENT_END (.)

.stab
 *(.stab)

.stabstr
 *(.stabstr)

.stab.excl
 *(.stab.excl)

.stab.exclstr
 *(.stab.exclstr)

.stab.index
 *(.stab.index)

.stab.indexstr
 *(.stab.indexstr)

.comment        0x0000000000000000       0x1c
 *(.comment)
 .comment       0x0000000000000000       0x1c /usr/lib/gcc/x86_64-linux-gnu/8/crtbeginS.o
                                         0x1d (size before relaxing)
 .comment       0x000000000000001c       0x1d ./src/main.o
 .comment       0x000000000000001c       0x1d ./src/memory.o
 .comment       0x000000000000001c       0x1d ./src/data.o
 .comment       0x000000000000001c       0x1d ./src/course1.o
 .comment       0x000000000000001c       0x1d ./src/stats.o
 .comment       0x000000000000001c       0x1d /usr/lib/gcc/x86_64-linux-gnu/8/crtendS.o

.debug
 *(.debug)

.line
 *(.line)

.debug_srcinfo
 *(.debug_srcinfo)

.debug_sfnames
 *(.debug_sfnames)

.debug_aranges  0x0000000000000000       0xf0
 *(.debug_aranges)
 .debug_aranges
                0x0000000000000000       0x30 ./src/main.o
 .debug_aranges
                0x0000000000000030       0x30 ./src/memory.o
 .debug_aranges
                0x0000000000000060       0x30 ./src/data.o
 .debug_aranges
                0x0000000000000090       0x30 ./src/course1.o
 .debug_aranges
                0x00000000000000c0       0x30 ./src/stats.o

.debug_pubnames
 *(.debug_pubnames)

.debug_info     0x0000000000000000     0x1937
 *(.debug_info .gnu.linkonce.wi.*)
 .debug_info    0x0000000000000000      0x30c ./src/main.o
 .debug_info    0x000000000000030c      0x728 ./src/memory.o
 .debug_info    0x0000000000000a34      0x241 ./src/data.o
 .debug_info    0x0000000000000c75      0x6b7 ./src/course1.o
 .debug_info    0x000000000000132c      0x60b ./src/stats.o

.debug_abbrev   0x0000000000000000      0x628
 *(.debug_abbrev)
 .debug_abbrev  0x0000000000000000       0xf7 ./src/main.o
 .debug_abbrev  0x00000000000000f7      0x170 ./src/memory.o
 .debug_abbrev  0x0000000000000267       0xf4 ./src/data.o
 .debug_abbrev  0x000000000000035b      0x156 ./src/course1.o
 .debug_abbrev  0x00000000000004b1      0x177 ./src/stats.o

.debug_line     0x0000000000000000      0xc9f
 *(.debug_line .debug_line.* .debug_line_end)
 .debug_line    0x0000000000000000      0x14e ./src/main.o
 .debug_line    0x000000000000014e      0x307 ./src/memory.o
 .debug_line    0x0000000000000455      0x1c0 ./src/data.o
 .debug_line    0x0000000000000615      0x429 ./src/course1.o
 .debug_line    0x0000000000000a3e      0x261 ./src/stats.o

.debug_frame
 *(.debug_frame)

.debug_str      0x0000000000000000      0x4a0
 *(.debug_str)
 .debug_str     0x0000000000000000      0x252 ./src/main.o
                                        0x2a0 (size before relaxing)
 .debug_str     0x0000000000000252       0xd2 ./src/memory.o
                                        0x374 (size before relaxing)
 .debug_str     0x0000000000000324       0x39 ./src/data.o
                                        0x156 (size before relaxing)
 .debug_str     0x000000000000035d       0x96 ./src/course1.o
                                        0x372 (size before relaxing)
 .debug_str     0x00000000000003f3       0xad ./src/stats.o
                                        0x33e (size before relaxing)

.debug_loc
 *(.debug_loc)

.debug_macinfo
 *(.debug_macinfo)

.debug_weaknames
 *(.debug_weaknames)

.debug_funcnames
 *(.debug_funcnames)

.debug_typenames
 *(.debug_typenames)

.debug_varnames
 *(.debug_varnames)

.debug_pubtypes
 *(.debug_pubtypes)

.debug_ranges
 *(.debug_ranges)

.debug_macro
 *(.debug_macro)

.debug_addr
 *(.debug_addr)

.gnu.attributes
 *(.gnu.attributes)

/DISCARD/
 *(.note.GNU-stack)
 *(.gnu_debuglink)
 *(.gnu.lto_*)
OUTPUT(c1m2.out elf64-x86-64)
